// Vitest Snapshot v1, https://vitest.dev/guide/snapshot.html

exports[`Footer Component > renders correct footer 1`] = `
<div>
  <footer
    class="bg-gray-900 text-white py-4"
  >
    <div
      class="container mx-auto text-center"
    >
      <p
        class="text-lg font-semibold"
      >
        MyShop Â© 
        2025
      </p>
      <div
        class="flex justify-center space-x-6 mt-4"
      >
        <a
          class="hover:underline"
          href="#"
        >
          Privacy Policy
        </a>
        <a
          class="hover:underline"
          href="#"
        >
          Terms of Service
        </a>
        <a
          class="hover:underline"
          href="#"
        >
          Contact
        </a>
      </div>
    </div>
  </footer>
</div>
`;

exports[`Hero Component > renders correct info 1`] = `
<div>
  <section
    class="relative h-screen flex items-center justify-center text-center bg-cover bg-center mt-12"
  >
    <div
      class="relative z-10 text-black px-6"
    >
      <h1
        class="text-5xl font-bold mb-4"
      >
        Welcome to MyShop
      </h1>
      <p
        class="text-lg mb-6"
      >
        Discover amazing products at unbeatable prices.
      </p>
      <a
        class="px-6 py-3 bg-blue-600 text-white rounded-lg text-lg font-semibold hover:bg-blue-700 transition"
        href="shop"
      >
        Shop Now
      </a>
    </div>
  </section>
</div>
`;
